// Jest Snapshot v1, https://goo.gl/fbAQLP

exports[`parsePropTypes works 1`] = `
Object {
  "bar": Object {
    "required": false,
    "type": Object {
      "name": "bool",
    },
  },
  "baz": Object {
    "required": true,
    "type": Object {
      "name": "arrayOf",
      "value": Object {
        "name": "string",
      },
    },
  },
  "foo": Object {
    "required": true,
    "type": Object {
      "name": "string",
    },
  },
  "foo2": Object {
    "required": false,
    "type": Object {
      "name": "oneOfType",
      "value": Array [
        Object {
          "name": "string",
        },
        Object {
          "name": "shape",
          "value": Object {
            "propTypes": Object {
              "foo": [Function],
              "required": false,
              "type": Object {
                "name": "custom",
              },
            },
          },
        },
      ],
    },
  },
  "quux": Object {
    "required": false,
    "type": Object {
      "name": "shape",
      "value": Object {
        "propTypes": Object {
          "bar": [Function],
          "foo": [Function],
          "required": false,
          "type": Object {
            "name": "custom",
          },
        },
      },
    },
  },
  "qux": Object {
    "required": false,
    "type": Object {
      "name": "oneOf",
      "value": Array [
        "foo",
        "bar",
        "baz",
      ],
    },
  },
}
`;
